62
0
Grasses\做好的花\剑麻.mox
0
1
Grasses\做好的花\向日葵01.mox
0
2
Grasses\做好的花\向日葵02.mox
0
3
Grasses\做好的花\小黄花01.mox
0
4
Grasses\做好的花\小黄花02.mox
0
5
Grasses\做好的花\小黄花03.mox
0
7
Grasses\做好的花\小黄花05.mox
0
8
Grasses\做好的花\狗尾草.mox
0
10
Grasses\做好的花\粉康萘薪01.mox
0
11
Grasses\做好的花\粉康萘薪02.mox
0
12
Grasses\做好的花\紫铅牛.mox
0
14
Grasses\做好的花\芦苇.mox
0
18
Grasses\做好的花\陆地03.mox
0
19
Grasses\做好的花\陆地04.mox
0
20
Grasses\做好的草\灰绿草01.mox
0
21
Grasses\做好的草\灰绿草02.mox
0
23
Grasses\做好的草\灰绿草04.mox
0
25
Grasses\做好的草\灰绿草06.mox
0
26
Grasses\做好的草\绿草01.mox
0
27
Grasses\做好的草\绿草02.mox
0
28
Grasses\做好的草\绿草03.mox
0
29
Grasses\做好的草\绿草04.mox
0
30
Grasses\做好的草\绿草05.mox
0
31
Grasses\做好的草\绿草07.mox
0
32
Grasses\做好的草\绿草08.mox
0
33
Grasses\做好的草\绿草09.mox
0
34
Grasses\做好的草\花草.mox
0
35
Grasses\做好的草\黄绿草01.mox
0
38
Grasses\做好的草\黄草01.mox
0
39
Grasses\做好的草\黄草02.mox
0
50
Grasses\新花草\千层红.mox
0
53
Grasses\新花草\大朵黄花.mox
0
54
Grasses\新花草\大朵黄花02.mox
0
55
Grasses\新花草\小碎黄花01.mox
0
56
Grasses\新花草\小碎黄花02.mox
0
57
Grasses\新花草\小碎黄花03.mox
0
58
Grasses\新花草\小黄花01.mox
0
59
Grasses\新花草\小黄花02.mox
0
60
Grasses\新花草\康奈薪.mox
0
61
Grasses\新花草\康奈薪02.mox
0
62
Grasses\新花草\桃金娘.mox
0
63
Grasses\新花草\狭叶番.mox
0
64
Grasses\新花草\玉米.mox
0
65
Grasses\新花草\紫色小花.mox
0
69
Grasses\新花草\芦苇花.mox
0
70
Grasses\新花草\花腾.mox
0
71
Grasses\新花草\蝴蝶花.mox
0
72
Grasses\新花草\麦子.mox
0
73
Grasses\蕨类、灌木\灌木01.mox
0
74
Grasses\蕨类、灌木\灌木02.mox
0
75
Grasses\蕨类、灌木\灌木03.mox
0
76
Grasses\蕨类、灌木\灌木04.mox
0
77
Grasses\蕨类、灌木\灌木05.mox
0
78
Grasses\蕨类、灌木\灌木06.mox
0
79
Grasses\蕨类、灌木\灌木07.mox
0
80
Grasses\蕨类、灌木\灌木球.mox
0
82
Grasses\蕨类、灌木\草藤01.mox
0
83
Grasses\蕨类、灌木\草藤02.mox
0
86
Grasses\蕨类、灌木\草藤05.mox
0
88
Grasses\蕨类、灌木\高灌木01.mox
0
89
Grasses\蕨类、灌木\高灌木02.mox
0
91
Grasses\蕨类、灌木\高灌木04.mox
0
