225
4
models\home\睡莲.md
房屋
0
7
models\home\杂物\白石头1.md
房屋
0
8
models\home\杂物\白石头2.md
房屋
0
9
models\home\杂物\白石头3.md
房屋
0
10
models\home\杂物\白石头4.md
房屋
0
23
models\home\江南石拱桥.md
房屋
0
24
models\home\公共区域建筑寺庙.md
房屋
0
25
models\home\香炉.md
房屋
0
26
models\home\自建小公园.md
房屋
0
27
models\home\自建小亭子.md
房屋
0
31
models\home\自建水上回廊.md
房屋
0
32
models\home\自建石塔.md
房屋
0
33
models\home\自建水上小塔.md
房屋
0
34
models\home\多情寺.md
房屋
0
35
models\home\自建小寺庙.md
房屋
0
36
models\home\自建阁楼.md
房屋
0
37
models\home\自建廊灯.md
房屋
0
41
models\home\水上塔院墙.md
房屋
0
42
models\home\自建小亭子2.md
房屋
0
43
models\home\自建塔林.md
房屋
0
44
models\home\自建野外区建筑01.md
房屋
0
45
models\home\自建假山1.md
房屋
0
46
models\home\自建假山2.md
房屋
0
47
models\home\自建荷花.md
房屋
0
48
models\home\荷叶.md
房屋
0
49
models\home\自建水上廊桥.md
房屋
0
50
models\home\建筑\摇钱树\摇钱树.md
房屋
0
51
models\home\建筑\红松\红松.md
房屋
0
52
models\home\建筑\花梨\花梨.md
房屋
0
53
models\home\建筑\假山\大假山.md
房屋
0
54
models\home\建筑\假山\小假山.md
房屋
0
55
models\home\建筑\喷泉\喷泉.md
房屋
0
56
models\home\建筑\石桥\石桥01.md
房屋
0
57
models\home\建筑\铁力\铁力木.md
房屋
0
58
models\home\建筑\小树\小树.md
房屋
0
59
models\home\建筑\紫檀\紫檀.md
房屋
0
60
models\home\建筑\自建石狮子\自建石狮子.md
房屋
0
61
models\home\建筑\自建石狮子\自建石狮子小.md
房屋
0
62
models\home\建筑\花\茶花.md
房屋
0
63
models\home\建筑\花\茶花幼年.md
房屋
0
64
models\home\建筑\花\荷花淡红.md
房屋
0
65
models\home\建筑\花\荷花淡紫.md
房屋
0
66
models\home\建筑\花\荷花幼年.md
房屋
0
67
models\home\建筑\花\玫瑰白.md
房屋
0
68
models\home\建筑\花\玫瑰黑.md
房屋
0
69
models\home\建筑\花\玫瑰红.md
房屋
0
70
models\home\建筑\花\玫瑰黄.md
房屋
0
71
models\home\建筑\花\玫瑰幼年.md
房屋
0
72
models\home\建筑\花\梅花.md
房屋
0
73
models\home\建筑\花\梅花幼年.md
房屋
0
74
models\home\建筑\花\牡丹粉白.md
房屋
0
75
models\home\建筑\花\牡丹红.md
房屋
0
76
models\home\建筑\花\牡丹幼年.md
房屋
0
77
models\home\建筑\花\牡丹杂.md
房屋
0
78
models\home\建筑\花\七里香.md
房屋
0
79
models\home\建筑\花\七里香幼年.md
房屋
0
80
models\home\建筑\花\睡莲淡红.md
房屋
0
81
models\home\建筑\花\睡莲淡黄.md
房屋
0
82
models\home\建筑\花\睡莲幼年.md
房屋
0
83
models\home\建筑\花\月季橙红.md
房屋
0
84
models\home\建筑\花\月季黑紫.md
房屋
0
85
models\home\建筑\花\月季黄.md
房屋
0
86
models\home\建筑\花\月季幼年.md
房屋
0
87
models\home\建筑\花\紫藤花.md
房屋
0
88
models\home\物品\字画一\字画一.md
房屋
0
89
models\home\物品\字画二\字画二.md
房屋
0
90
models\home\物品\字画三\字画三.md
房屋
0
91
models\home\物品\字画四\字画四.md
房屋
0
92
models\home\物品\字画五\字画五.md
房屋
0
93
models\home\物品\字画六\字画六.md
房屋
0
94
models\home\物品\字画七\字画七.md
房屋
0
95
models\home\物品\字画八\字画八.md
房屋
0
96
models\home\物品\烛台输出\烛台白\白蜡烛.md
房屋
0
97
models\home\物品\烛台输出\烛台红\红蜡烛.md
房屋
0
98
models\home\物品\罩灯\纱罩灯.md
房屋
0
99
models\home\物品\玉璧\玉璧.md
房屋
0
100
models\home\物品\影壁\影壁.md
房屋
0
101
models\home\物品\一级桌\一级桌.md
房屋
0
102
models\home\物品\一级椅\一级椅.md
房屋
0
103
models\home\物品\二级桌\二级桌.md
房屋
0
104
models\home\物品\二级椅\二级椅.md
房屋
0
105
models\home\物品\三级桌\三级桌.md
房屋
0
106
models\home\物品\三级椅\三级椅.md
房屋
0
107
models\home\物品\四级桌\四级桌.md
房屋
0
108
models\home\物品\四级椅\四级椅.md
房屋
0
109
models\home\物品\小船\渔村小船01.md
房屋
0
110
models\home\物品\围棋\围棋.md
房屋
0
111
models\home\物品\石桌02\圆石桌.md
房屋
0
112
models\home\物品\石桌02\圆石簦.md
房屋
0
113
models\home\物品\石桌01\方石桌.md
房屋
0
114
models\home\物品\石桌01\方石簦.md
房屋
0
115
models\home\物品\如意\如意.md
房屋
0
116
models\home\物品\琴姬\琴姬.md
房屋
0
117
models\home\物品\屏风一\屏风一.md
房屋
0
118
models\home\物品\屏风二\屏风二.md
房屋
0
119
models\home\物品\屏风三\屏风三.md
房屋
0
120
models\home\物品\屏风四\屏风四.md
房屋
0
121
models\home\物品\屏风五\屏风五.md
房屋
0
122
models\home\物品\屏风六\屏风六.md
房屋
0
123
models\home\物品\屏风七\屏风七.md
房屋
0
124
models\home\物品\屏风八\屏风八.md
房屋
0
125
models\home\物品\盆景\盆景大绿叶地.md
房屋
0
126
models\home\物品\盆景\盆景大双叶地.md
房屋
0
127
models\home\物品\盆景\盆景剑兰桌.md
房屋
0
128
models\home\物品\盆景\盆景金桃.md
房屋
0
129
models\home\物品\盆景\盆景毛毛草草桌.md
房屋
0
130
models\home\物品\盆景\盆景蒲团草桌.md
房屋
0
131
models\home\物品\牌匾一\牌匾一.md
房屋
0
132
models\home\物品\牌匾二\牌匾二.md
房屋
0
133
models\home\物品\牌匾三\牌匾三.md
房屋
0
134
models\home\物品\牌匾四\牌匾四.md
房屋
0
135
models\home\物品\落地架输出\落地架一\花架1.md
房屋
0
136
models\home\物品\落地架输出\落地架二\花架2.md
房屋
0
137
models\home\物品\假窗一\假窗一.md
房屋
0
138
models\home\物品\假窗二\假窗二.md
房屋
0
139
models\home\物品\假窗三\假窗三.md
房屋
0
140
models\home\物品\花瓶\自建家园大花瓶.md
房屋
0
141
models\home\物品\豪华椅\豪华椅.md
房屋
0
142
models\home\物品\果盘\果盘.md
房屋
0
143
models\home\物品\柜子输出\柜子一\柜子1.md
房屋
0
144
models\home\物品\柜子输出\柜子二\柜子2.md
房屋
0
145
models\home\物品\柜子输出\柜子三\柜子3.md
房屋
0
146
models\home\物品\柜子输出\柜子四\柜子4.md
房屋
0
147
models\home\物品\古琴\古琴.md
房屋
0
148
models\home\物品\高级梳妆台\高级梳妆台.md
房屋
0
149
models\home\物品\高花瓶\高花瓶.md
房屋
0
150
models\home\物品\一级床\一级床.md
房屋
0
151
models\home\物品\二级床\二级床.md
房屋
0
152
models\home\物品\三级床\三级床.md
房屋
0
153
models\home\物品\四级床\四级床.md
房屋
0
154
models\home\物品\低级梳妆台\低级梳妆台.md
房屋
0
155
models\home\物品\对联一\对联一左.md
房屋
0
156
models\home\物品\对联一\对联一右.md
房屋
0
157
models\home\物品\对联二\对联二左.md
房屋
0
158
models\home\物品\对联二\对联二右.md
房屋
0
159
models\home\物品\对联三\对联三左.md
房屋
0
160
models\home\物品\对联三\对联三右.md
房屋
0
161
models\home\物品\对联四\对联四左.md
房屋
0
162
models\home\物品\对联四\对联四右.md
房屋
0
163
models\home\物品\地毯\地毯1.md
房屋
0
164
models\home\物品\地毯\地毯2.md
房屋
0
165
models\home\物品\地毯\地毯3.md
房屋
0
166
models\home\物品\地毯\地毯4.md
房屋
0
167
models\home\物品\地毯\地毯5.md
房屋
0
168
models\home\物品\地毯\地毯6.md
房屋
0
169
models\home\物品\地毯\地毯7.md
房屋
0
170
models\home\物品\地毯\地毯8.md
房屋
0
171
models\home\物品\地毯\地毯9.md
房屋
0
172
models\home\物品\地毯\地毯10.md
房屋
0
173
models\home\物品\灯\1级灯.md
房屋
0
174
models\home\物品\灯\2级灯.md
房屋
0
175
models\home\物品\灯\3级灯.md
房屋
0
176
models\home\物品\灯\4级宫灯.md
房屋
0
177
models\home\物品\灯\5级宫灯.md
房屋
0
178
models\home\物品\茶盘\茶盘.md
房屋
0
179
models\home\建筑\1级建筑\1级建筑.md
房屋
0
180
models\home\建筑\1级建筑\1级建筑大粮仓.md
房屋
0
181
models\home\建筑\1级建筑\1级建筑小粮仓.md
房屋
0
182
models\home\建筑\1级建筑\1级建筑马车.md
房屋
0
183
models\home\建筑\1级建筑\1级建筑晾衣架.md
房屋
0
184
models\home\建筑\1级建筑\1级建筑笸箩.md
房屋
0
185
models\home\建筑\1级建筑\1级建筑磨盘.md
房屋
0
186
models\home\建筑\1级建筑\1级建筑水井.md
房屋
0
187
models\home\建筑\4级建筑\4级建筑.md
房屋
0
188
models\home\建筑\3级建筑\3级建筑.md
房屋
0
189
models\home\建筑\2级建筑\2级民居.md
房屋
0
190
models\home\建筑\自建家园西方2级建筑\西方2级建筑.md
房屋
0
191
models\home\建筑\教堂\教堂.md
房屋
0
192
models\home\建筑\自建西方建筑小\西方小建筑.md
房屋
0
193
models\home\建筑\自建家园西方3级建筑\西方三级建筑.md
房屋
0
194
models\home\建筑\邱长廊\西方公共区长廊.md
房屋
0
195
models\home\建筑\邱公共区建筑\西方公共区建筑木楼.md
房屋
0
196
models\home\建筑\邱路灯\西方路灯.md
房屋
0
197
models\home\建筑\邱院落\西方建筑公共区建筑篮房子.md
房屋
0
198
models\home\建筑\邱喷水池\西方公共区喷水池.md
房屋
0
199
models\home\物品\西方3级窗帘\西方3级窗帘.md
家具
0
200
models\home\物品\西方2级窗帘\西方2级窗帘.md
家具
0
201
models\home\建筑\自建家园西方2级建筑\西方2级建筑.md
房屋
0
202
models\home\建筑\自建家园西方1级建筑\西方一级建筑.md
房屋
0
203
models\home\物品\西方一级窗帘\西方一级窗帘.md
家具
0
204
models\home\物品\西方油画\1\西方一级油画.md
家具
0
205
models\home\物品\西方油画\2\西方2级油画.md
家具
0
206
models\home\物品\西方油画\3\西方3级油画.md
家具
0
207
models\home\物品\西方银质茶具\1\西方1级银茶具.md
家具
0
208
models\home\物品\西方银质茶具\2\西方2级银茶具.md
家具
0
209
models\home\物品\西方银质茶具\3\西方3级银茶具.md
家具
0
210
models\home\物品\西方椅子\1\西方1级椅子.md
家具
0
211
models\home\物品\西方椅子\2\西方2级椅子.md
家具
0
212
models\home\物品\西方椅子\3\西方3级椅子.md
家具
0
213
models\home\物品\西方台灯\1\西方1级台灯.md
家具
0
214
models\home\物品\西方台灯\2\西方2级台灯.md
家具
0
215
models\home\物品\西方台灯\3\西方3级台灯.md
家具
0
216
models\home\物品\西方竖琴\西方竖琴.md
家具
0
217
models\home\物品\西方梳妆台\1\西方1级梳妆台.md
家具
0
218
models\home\物品\西方梳妆台\2\西方2级梳妆台.md
家具
0
219
models\home\物品\西方梳妆台\3\西方3级梳妆台.md
家具
0
220
models\home\物品\西方国际象棋\西方国际象棋.md
家具
0
221
models\home\物品\西方吊灯\1\西方1级吊灯.md
家具
0
222
models\home\物品\西方吊灯\2\西方2级吊灯.md
家具
0
223
models\home\物品\西方吊灯\3\西方3级吊灯.md
家具
0
224
models\home\物品\西方小提琴\西方小提琴.md
家具
0
225
models\home\物品\西方地毯\西方红地毯.md
家具
0
226
models\home\物品\西方地毯\西方红兰毯.md
家具
0
227
models\home\物品\西方落地灯\1\西方1级落地灯.md
家具
0
228
models\home\物品\西方落地灯\2\西方2级落地灯.md
家具
0
229
models\home\物品\西方落地灯\3\西方3级落地灯.md
家具
0
230
models\home\物品\西方大提琴\西方大提琴.md
家具
0
231
models\home\物品\西方床\1\西方1级床.md
家具
0
232
models\home\物品\西方床\2\西方2级床.md
家具
0
233
models\home\物品\西方床\3\西方3级床.md
家具
0
234
models\home\物品\西方壁灯\1\西方1级壁灯.md
家具
0
235
models\home\物品\西方壁灯\2\西方2级壁灯.md
家具
0
236
models\home\物品\西方壁灯\3\西方3级壁灯.md
家具
0
237
models\home\物品\西方桌子\1\西方1级桌子.md
家具
0
238
models\home\物品\西方桌子\2\西方2级桌子.md
家具
0
239
models\home\物品\西方桌子\3\西方3级桌子.md
家具
0
240
models\home\物品\西方雕像3\西方雕像3.md
房屋
0
241
models\home\建筑\邱喷泉2\西方1级喷泉.md
房屋
0
242
models\home\建筑\邱喷泉1\西方2级喷泉.md
房屋
0
243
models\home\建筑\喷泉\西方喷泉3.md
房屋
0
244
models\home\建筑\邱教堂\西方公共区教堂.md
房屋
0
245
models\home\建筑\邱欧式花坛1\西方画坛1.md
房屋
0
246
models\home\建筑\邱欧式花坛2\西方画坛2.md
房屋
0
247
models\home\建筑\邱欧式花坛3\西方画坛3.md
房屋
0
248
models\home\物品\西方凉椅\西方凉椅.md
家具
0
