44
0
Trees\精简树木\东北当归\ManchurianAngelicaTree.spt
Trees\精简树木\东北当归\ManchurianAngelica_Leaves.dds
2.000000
0
1
Trees\精简树木\仙人柱\Saguaro3.spt
Trees\精简树木\仙人柱\saguarroleaves.dds
2.000000
0
2
Trees\精简树木\仙界树木\xianshumu.spt
Trees\精简树木\仙界树木\xianleaves.dds
2.000000
0
3
Trees\精简树木\仙界树木\像树\GhostGum1.spt
Trees\精简树木\仙界树木\像树\ghostleaves.dds
2.000000
0
4
Trees\精简树木\仙界树木\印度榕\PagodaTree1.spt
Trees\精简树木\仙界树木\印度榕\pagodaleaves.dds
2.000000
0
5
Trees\精简树木\仙界树木\外脖白树\仙界树.spt
Trees\精简树木\仙界树木\外脖白树\xianjieleaves.dds
2.000000
0
6
Trees\精简树木\仙界树木\橡胶树\BlackGum.spt
Trees\精简树木\仙界树木\橡胶树\blackgumleaves.dds
2.000000
0
7
Trees\精简树木\仙界树木\沙树\Sassafras_RT_Fall.spt
Trees\精简树木\仙界树木\沙树\sassafras.dds
2.000000
0
8
Trees\精简树木\仙界树木\沙树\Sassafras_RT_Fall2.spt
Trees\精简树木\仙界树木\沙树\sassafras.dds
2.000000
0
9
Trees\精简树木\仙界树木\英格兰像树\EnglishOak_RT.spt
Trees\精简树木\仙界树木\英格兰像树\Englandoak.dds
2.000000
0
14
Trees\精简树木\俄国橄榄\RussianOlive2.spt
Trees\精简树木\俄国橄榄\oliveleaves.dds
2.000000
0
15
Trees\精简树木\修改绿色英国像树\ColumnarEnglishGreen1.spt
Trees\精简树木\修改绿色英国像树\greenleaves.dds
2.000000
0
27
Trees\精简树木\怪异松树\ScotchPine_RT.spt
Trees\精简树木\怪异松树\scotchleaves.dds
2.000000
0
28
Trees\精简树木\怪异松树\ScotchPine_RT2.spt
Trees\精简树木\怪异松树\scotchleaves.dds
2.000000
0
38
Trees\精简树木\柳树\WeepingWillow2.spt
Trees\精简树木\柳树\weepingleaves.dds
2.000000
0
39
Trees\精简树木\桃树\Taoshu4.spt
Trees\精简树木\桃树\taoshuleaves.dds
2.000000
0
40
Trees\精简树木\桃树\桃树小\Taoshu3small.spt
Trees\精简树木\桃树\桃树小\taoshuleaves.dds
2.000000
0
41
Trees\精简树木\桃树\桃树小\Taoshu3small3.spt
Trees\精简树木\桃树\桃树小\taoshuleaves.dds
2.000000
0
42
Trees\精简树木\桑树\LondonPlane_RT5.spt
Trees\精简树木\桑树\londonleaves.dds
2.000000
0
43
Trees\精简树木\梨树\梨树1.spt
Trees\精简树木\梨树\peartreeleaves.dds
2.000000
0
44
Trees\精简树木\梨树\梨树2.spt
Trees\精简树木\梨树\peartreeleaves.dds
2.000000
0
45
Trees\精简树木\棕榈\Palm1.spt
Trees\精简树木\棕榈\palmleaves.dds
2.000000
0
46
Trees\精简树木\棕榈\Palm4.spt
Trees\精简树木\棕榈\palmleaves.dds
2.000000
0
47
Trees\精简树木\椰子树\Coconutyellow1.spt
Trees\精简树木\椰子树\coconutyellowleaves.dds
2.000000
0
48
Trees\精简树木\椰子树\Coconutyellow4.spt
Trees\精简树木\椰子树\coconutyellowleaves.dds
2.000000
0
58
Trees\精简树木\白杨\Baiyang2.spt
Trees\精简树木\白杨\baiyangleaves.dds
2.000000
0
59
Trees\精简树木\白树\AmurCork_RT_Low.spt
Trees\精简树木\白树\corkleaves.dds
2.000000
0
61
Trees\精简树木\竹林\Bamboos1.spt
Trees\精简树木\竹林\Bamboos.dds
2.000000
0
62
Trees\精简树木\竹林\Bamboos2.spt
Trees\精简树木\竹林\Bamboos.dds
2.000000
0
63
Trees\精简树木\竹林\Bamboos3.spt
Trees\精简树木\竹林\Bamboos.dds
2.000000
0
64
Trees\精简树木\竹林\Bamboos4.spt
Trees\精简树木\竹林\Bamboos.dds
2.000000
0
65
Trees\精简树木\糖梧桐\SugarMaple.spt
Trees\精简树木\糖梧桐\Leaves.dds
2.000000
0
66
Trees\精简树木\糖梧桐\SugarMaple2.spt
Trees\精简树木\糖梧桐\Leaves.dds
2.000000
0
69
Trees\精简树木\英国像树\ColumnarEnglishOak3.spt
Trees\精简树木\英国像树\englishleaves.dds
2.000000
0
72
Trees\精简树木\菩提树\putishu1.spt
Trees\精简树木\菩提树\putileaves.dds
2.000000
0
73
Trees\精简树木\菩提树\putishu3.spt
Trees\精简树木\菩提树\putileaves.dds
2.000000
0
92
Trees\精简树木\鹅卵石像树大\ShingleOak4.spt
Trees\精简树木\鹅卵石像树大\shingleoak.dds
2.000000
0
93
Trees\精简树木\鹅卵石像树大\鹅卵石象树\Shingleoak.spt
Trees\精简树木\鹅卵石像树大\鹅卵石象树\Shingleoak_leaves.dds
2.000000
0
94
Trees\精简树木\鹅卵石像树大\鹅卵石象树\Shingleoak2.spt
Trees\精简树木\鹅卵石像树大\鹅卵石象树\Shingleoak_leaves.dds
2.000000
0
95
Trees\精简树木\鹅卵石像树大\鹅卵石象树\Shingleoak3.spt
Trees\精简树木\鹅卵石像树大\鹅卵石象树\Shingleoak_leaves.dds
2.000000
0
96
Trees\精简树木\鹅卵石像树大\鹅卵石象树\Shingleoak4.spt
Trees\精简树木\鹅卵石像树大\鹅卵石象树\Shingleoak_leaves.dds
2.000000
0
97
trees\精简树木\松树小\orientalspruce.spt
trees\精简树木\松树小\spruceleaves.dds
2.000000
0
98
trees\精简树木\草原的树\gimlet.spt
trees\精简树木\草原的树\gimletleaves.dds
2.000000
0
99
trees\精简树木\杉树\杉树2.spt
trees\精简树木\杉树\shashuleaves.dds
2.000000
0
